   0  $accept : Program $end

   1  Program : CLASS IDENTIFIER LBRACE ProgramBody RBRACE

   2  ProgramBody : ProgramBody Element
   3              |

   4  Element : MethodDecl
   5          | FieldDecl
   6          | SEMICOLON

   7  MethodDecl : PUBLIC STATIC MethodHeader MethodBody

   8  FieldDecl : PUBLIC STATIC Type IDENTIFIER FieldList SEMICOLON
   9            | error SEMICOLON

  10  FieldList : FieldList COMMA IDENTIFIER
  11            |

  12  Type : BOOL
  13       | INT
  14       | DOUBLE

  15  TypeArray : STRING LSQ RSQ

  16  TypeVoid : VOID

  17  MethodHeader : Type IDENTIFIER LPAR MethodParams RPAR
  18               | TypeVoid IDENTIFIER LPAR MethodParams RPAR

  19  MethodParams : FormalParamsList
  20               | TypeArray IDENTIFIER
  21               |

  22  FormalParamsList : FormalParamsList COMMA Type IDENTIFIER
  23                   | Type IDENTIFIER

  24  MethodBody : LBRACE MethodBodyContent RBRACE

  25  MethodBodyContent : MethodBodyContent BodyElement
  26                    |

  27  BodyElement : Statement
  28              | VarDecl

  29  VarDecl : Type IDENTIFIER FieldList SEMICOLON

  30  StmtList : StmtList Statement
  31           |

  32  Statement : LBRACE StmtList RBRACE
  33            | IF LPAR Expr RPAR Statement
  34            | IF LPAR Expr RPAR Statement ELSE Statement
  35            | WHILE LPAR Expr RPAR Statement
  36            | RETURN SEMICOLON
  37            | RETURN Expr SEMICOLON
  38            | MethodInvocation SEMICOLON
  39            | Assignment SEMICOLON
  40            | ParseArgs SEMICOLON
  41            | SEMICOLON
  42            | PRINT LPAR Expr RPAR SEMICOLON
  43            | PRINT LPAR STRLIT RPAR SEMICOLON
  44            | error SEMICOLON

  45  MethodInvocation : IDENTIFIER LPAR Args RPAR
  46                   | IDENTIFIER LPAR error RPAR

  47  Args : Expr ExprList
  48       |

  49  ExprList : ExprList COMMA Expr
  50           |

  51  Assignment : IDENTIFIER ASSIGN Expr

  52  ParseArgs : PARSEINT LPAR IDENTIFIER LSQ Expr RSQ RPAR
  53            | PARSEINT LPAR error RPAR

  54  Expr : Assignment
  55       | SimpleExpr

  56  SimpleExpr : SimpleExpr PLUS SimpleExpr
  57             | SimpleExpr MINUS SimpleExpr
  58             | SimpleExpr STAR SimpleExpr
  59             | SimpleExpr DIV SimpleExpr
  60             | SimpleExpr MOD SimpleExpr
  61             | SimpleExpr AND SimpleExpr
  62             | SimpleExpr OR SimpleExpr
  63             | SimpleExpr XOR SimpleExpr
  64             | SimpleExpr LSHIFT SimpleExpr
  65             | SimpleExpr RSHIFT SimpleExpr
  66             | SimpleExpr EQ SimpleExpr
  67             | SimpleExpr NE SimpleExpr
  68             | SimpleExpr GT SimpleExpr
  69             | SimpleExpr GE SimpleExpr
  70             | SimpleExpr LT SimpleExpr
  71             | SimpleExpr LE SimpleExpr
  72             | MINUS SimpleExpr
  73             | PLUS SimpleExpr
  74             | NOT SimpleExpr
  75             | LPAR Expr RPAR
  76             | LPAR error RPAR
  77             | MethodInvocation
  78             | ParseArgs
  79             | IDENTIFIER
  80             | IDENTIFIER DOTLENGTH
  81             | NATURAL
  82             | DECIMAL
  83             | BOOLLIT

state 0
	$accept : . Program $end  (0)

	CLASS  shift 1
	.  error

	Program  goto 2


state 1
	Program : CLASS . IDENTIFIER LBRACE ProgramBody RBRACE  (1)

	IDENTIFIER  shift 3
	.  error


state 2
	$accept : Program . $end  (0)

	$end  accept


state 3
	Program : CLASS IDENTIFIER . LBRACE ProgramBody RBRACE  (1)

	LBRACE  shift 4
	.  error


state 4
	Program : CLASS IDENTIFIER LBRACE . ProgramBody RBRACE  (1)
	ProgramBody : .  (3)

	.  reduce 3

	ProgramBody  goto 5


state 5
	Program : CLASS IDENTIFIER LBRACE ProgramBody . RBRACE  (1)
	ProgramBody : ProgramBody . Element  (2)

	error  shift 6
	PUBLIC  shift 7
	RBRACE  shift 8
	SEMICOLON  shift 9
	.  error

	Element  goto 10
	MethodDecl  goto 11
	FieldDecl  goto 12


state 6
	FieldDecl : error . SEMICOLON  (9)

	SEMICOLON  shift 13
	.  error


state 7
	MethodDecl : PUBLIC . STATIC MethodHeader MethodBody  (7)
	FieldDecl : PUBLIC . STATIC Type IDENTIFIER FieldList SEMICOLON  (8)

	STATIC  shift 14
	.  error


state 8
	Program : CLASS IDENTIFIER LBRACE ProgramBody RBRACE .  (1)

	.  reduce 1


state 9
	Element : SEMICOLON .  (6)

	.  reduce 6


state 10
	ProgramBody : ProgramBody Element .  (2)

	.  reduce 2


state 11
	Element : MethodDecl .  (4)

	.  reduce 4


state 12
	Element : FieldDecl .  (5)

	.  reduce 5


state 13
	FieldDecl : error SEMICOLON .  (9)

	.  reduce 9


state 14
	MethodDecl : PUBLIC STATIC . MethodHeader MethodBody  (7)
	FieldDecl : PUBLIC STATIC . Type IDENTIFIER FieldList SEMICOLON  (8)

	BOOL  shift 15
	INT  shift 16
	DOUBLE  shift 17
	VOID  shift 18
	.  error

	Type  goto 19
	TypeVoid  goto 20
	MethodHeader  goto 21


state 15
	Type : BOOL .  (12)

	.  reduce 12


state 16
	Type : INT .  (13)

	.  reduce 13


state 17
	Type : DOUBLE .  (14)

	.  reduce 14


state 18
	TypeVoid : VOID .  (16)

	.  reduce 16


state 19
	FieldDecl : PUBLIC STATIC Type . IDENTIFIER FieldList SEMICOLON  (8)
	MethodHeader : Type . IDENTIFIER LPAR MethodParams RPAR  (17)

	IDENTIFIER  shift 22
	.  error


state 20
	MethodHeader : TypeVoid . IDENTIFIER LPAR MethodParams RPAR  (18)

	IDENTIFIER  shift 23
	.  error


state 21
	MethodDecl : PUBLIC STATIC MethodHeader . MethodBody  (7)

	LBRACE  shift 24
	.  error

	MethodBody  goto 25


state 22
	FieldDecl : PUBLIC STATIC Type IDENTIFIER . FieldList SEMICOLON  (8)
	MethodHeader : Type IDENTIFIER . LPAR MethodParams RPAR  (17)
	FieldList : .  (11)

	LPAR  shift 26
	SEMICOLON  reduce 11
	COMMA  reduce 11

	FieldList  goto 27


state 23
	MethodHeader : TypeVoid IDENTIFIER . LPAR MethodParams RPAR  (18)

	LPAR  shift 28
	.  error


state 24
	MethodBody : LBRACE . MethodBodyContent RBRACE  (24)
	MethodBodyContent : .  (26)

	.  reduce 26

	MethodBodyContent  goto 29


state 25
	MethodDecl : PUBLIC STATIC MethodHeader MethodBody .  (7)

	.  reduce 7


state 26
	MethodHeader : Type IDENTIFIER LPAR . MethodParams RPAR  (17)
	MethodParams : .  (21)

	BOOL  shift 15
	INT  shift 16
	DOUBLE  shift 17
	STRING  shift 30
	RPAR  reduce 21

	Type  goto 31
	TypeArray  goto 32
	MethodParams  goto 33
	FormalParamsList  goto 34


state 27
	FieldDecl : PUBLIC STATIC Type IDENTIFIER FieldList . SEMICOLON  (8)
	FieldList : FieldList . COMMA IDENTIFIER  (10)

	SEMICOLON  shift 35
	COMMA  shift 36
	.  error


state 28
	MethodHeader : TypeVoid IDENTIFIER LPAR . MethodParams RPAR  (18)
	MethodParams : .  (21)

	BOOL  shift 15
	INT  shift 16
	DOUBLE  shift 17
	STRING  shift 30
	RPAR  reduce 21

	Type  goto 31
	TypeArray  goto 32
	MethodParams  goto 37
	FormalParamsList  goto 34


state 29
	MethodBody : LBRACE MethodBodyContent . RBRACE  (24)
	MethodBodyContent : MethodBodyContent . BodyElement  (25)

	error  shift 38
	LBRACE  shift 39
	RBRACE  shift 40
	SEMICOLON  shift 41
	BOOL  shift 15
	INT  shift 16
	DOUBLE  shift 17
	IF  shift 42
	WHILE  shift 43
	RETURN  shift 44
	PRINT  shift 45
	PARSEINT  shift 46
	IDENTIFIER  shift 47
	.  error

	Type  goto 48
	BodyElement  goto 49
	VarDecl  goto 50
	Statement  goto 51
	MethodInvocation  goto 52
	Assignment  goto 53
	ParseArgs  goto 54


state 30
	TypeArray : STRING . LSQ RSQ  (15)

	LSQ  shift 55
	.  error


state 31
	FormalParamsList : Type . IDENTIFIER  (23)

	IDENTIFIER  shift 56
	.  error


state 32
	MethodParams : TypeArray . IDENTIFIER  (20)

	IDENTIFIER  shift 57
	.  error


state 33
	MethodHeader : Type IDENTIFIER LPAR MethodParams . RPAR  (17)

	RPAR  shift 58
	.  error


state 34
	MethodParams : FormalParamsList .  (19)
	FormalParamsList : FormalParamsList . COMMA Type IDENTIFIER  (22)

	COMMA  shift 59
	RPAR  reduce 19


state 35
	FieldDecl : PUBLIC STATIC Type IDENTIFIER FieldList SEMICOLON .  (8)

	.  reduce 8


state 36
	FieldList : FieldList COMMA . IDENTIFIER  (10)

	IDENTIFIER  shift 60
	.  error


state 37
	MethodHeader : TypeVoid IDENTIFIER LPAR MethodParams . RPAR  (18)

	RPAR  shift 61
	.  error


state 38
	Statement : error . SEMICOLON  (44)

	SEMICOLON  shift 62
	.  error


state 39
	Statement : LBRACE . StmtList RBRACE  (32)
	StmtList : .  (31)

	.  reduce 31

	StmtList  goto 63


state 40
	MethodBody : LBRACE MethodBodyContent RBRACE .  (24)

	.  reduce 24


state 41
	Statement : SEMICOLON .  (41)

	.  reduce 41


state 42
	Statement : IF . LPAR Expr RPAR Statement  (33)
	Statement : IF . LPAR Expr RPAR Statement ELSE Statement  (34)

	LPAR  shift 64
	.  error


state 43
	Statement : WHILE . LPAR Expr RPAR Statement  (35)

	LPAR  shift 65
	.  error


state 44
	Statement : RETURN . SEMICOLON  (36)
	Statement : RETURN . Expr SEMICOLON  (37)

	LPAR  shift 66
	SEMICOLON  shift 67
	PARSEINT  shift 46
	PLUS  shift 68
	MINUS  shift 69
	NOT  shift 70
	IDENTIFIER  shift 71
	NATURAL  shift 72
	DECIMAL  shift 73
	BOOLLIT  shift 74
	.  error

	MethodInvocation  goto 75
	Assignment  goto 76
	ParseArgs  goto 77
	Expr  goto 78
	SimpleExpr  goto 79


state 45
	Statement : PRINT . LPAR Expr RPAR SEMICOLON  (42)
	Statement : PRINT . LPAR STRLIT RPAR SEMICOLON  (43)

	LPAR  shift 80
	.  error


state 46
	ParseArgs : PARSEINT . LPAR IDENTIFIER LSQ Expr RSQ RPAR  (52)
	ParseArgs : PARSEINT . LPAR error RPAR  (53)

	LPAR  shift 81
	.  error


state 47
	MethodInvocation : IDENTIFIER . LPAR Args RPAR  (45)
	MethodInvocation : IDENTIFIER . LPAR error RPAR  (46)
	Assignment : IDENTIFIER . ASSIGN Expr  (51)

	LPAR  shift 82
	ASSIGN  shift 83
	.  error


state 48
	VarDecl : Type . IDENTIFIER FieldList SEMICOLON  (29)

	IDENTIFIER  shift 84
	.  error


state 49
	MethodBodyContent : MethodBodyContent BodyElement .  (25)

	.  reduce 25


state 50
	BodyElement : VarDecl .  (28)

	.  reduce 28


state 51
	BodyElement : Statement .  (27)

	.  reduce 27


state 52
	Statement : MethodInvocation . SEMICOLON  (38)

	SEMICOLON  shift 85
	.  error


state 53
	Statement : Assignment . SEMICOLON  (39)

	SEMICOLON  shift 86
	.  error


state 54
	Statement : ParseArgs . SEMICOLON  (40)

	SEMICOLON  shift 87
	.  error


state 55
	TypeArray : STRING LSQ . RSQ  (15)

	RSQ  shift 88
	.  error


state 56
	FormalParamsList : Type IDENTIFIER .  (23)

	.  reduce 23


state 57
	MethodParams : TypeArray IDENTIFIER .  (20)

	.  reduce 20


state 58
	MethodHeader : Type IDENTIFIER LPAR MethodParams RPAR .  (17)

	.  reduce 17


state 59
	FormalParamsList : FormalParamsList COMMA . Type IDENTIFIER  (22)

	BOOL  shift 15
	INT  shift 16
	DOUBLE  shift 17
	.  error

	Type  goto 89


state 60
	FieldList : FieldList COMMA IDENTIFIER .  (10)

	.  reduce 10


state 61
	MethodHeader : TypeVoid IDENTIFIER LPAR MethodParams RPAR .  (18)

	.  reduce 18


state 62
	Statement : error SEMICOLON .  (44)

	.  reduce 44


state 63
	StmtList : StmtList . Statement  (30)
	Statement : LBRACE StmtList . RBRACE  (32)

	error  shift 38
	LBRACE  shift 39
	RBRACE  shift 90
	SEMICOLON  shift 41
	IF  shift 42
	WHILE  shift 43
	RETURN  shift 44
	PRINT  shift 45
	PARSEINT  shift 46
	IDENTIFIER  shift 47
	.  error

	Statement  goto 91
	MethodInvocation  goto 52
	Assignment  goto 53
	ParseArgs  goto 54


state 64
	Statement : IF LPAR . Expr RPAR Statement  (33)
	Statement : IF LPAR . Expr RPAR Statement ELSE Statement  (34)

	LPAR  shift 66
	PARSEINT  shift 46
	PLUS  shift 68
	MINUS  shift 69
	NOT  shift 70
	IDENTIFIER  shift 71
	NATURAL  shift 72
	DECIMAL  shift 73
	BOOLLIT  shift 74
	.  error

	MethodInvocation  goto 75
	Assignment  goto 76
	ParseArgs  goto 77
	Expr  goto 92
	SimpleExpr  goto 79


state 65
	Statement : WHILE LPAR . Expr RPAR Statement  (35)

	LPAR  shift 66
	PARSEINT  shift 46
	PLUS  shift 68
	MINUS  shift 69
	NOT  shift 70
	IDENTIFIER  shift 71
	NATURAL  shift 72
	DECIMAL  shift 73
	BOOLLIT  shift 74
	.  error

	MethodInvocation  goto 75
	Assignment  goto 76
	ParseArgs  goto 77
	Expr  goto 93
	SimpleExpr  goto 79


state 66
	SimpleExpr : LPAR . Expr RPAR  (75)
	SimpleExpr : LPAR . error RPAR  (76)

	error  shift 94
	LPAR  shift 66
	PARSEINT  shift 46
	PLUS  shift 68
	MINUS  shift 69
	NOT  shift 70
	IDENTIFIER  shift 71
	NATURAL  shift 72
	DECIMAL  shift 73
	BOOLLIT  shift 74
	.  error

	MethodInvocation  goto 75
	Assignment  goto 76
	ParseArgs  goto 77
	Expr  goto 95
	SimpleExpr  goto 79


state 67
	Statement : RETURN SEMICOLON .  (36)

	.  reduce 36


state 68
	SimpleExpr : PLUS . SimpleExpr  (73)

	LPAR  shift 66
	PARSEINT  shift 46
	PLUS  shift 68
	MINUS  shift 69
	NOT  shift 70
	IDENTIFIER  shift 96
	NATURAL  shift 72
	DECIMAL  shift 73
	BOOLLIT  shift 74
	.  error

	MethodInvocation  goto 75
	ParseArgs  goto 77
	SimpleExpr  goto 97


state 69
	SimpleExpr : MINUS . SimpleExpr  (72)

	LPAR  shift 66
	PARSEINT  shift 46
	PLUS  shift 68
	MINUS  shift 69
	NOT  shift 70
	IDENTIFIER  shift 96
	NATURAL  shift 72
	DECIMAL  shift 73
	BOOLLIT  shift 74
	.  error

	MethodInvocation  goto 75
	ParseArgs  goto 77
	SimpleExpr  goto 98


state 70
	SimpleExpr : NOT . SimpleExpr  (74)

	LPAR  shift 66
	PARSEINT  shift 46
	PLUS  shift 68
	MINUS  shift 69
	NOT  shift 70
	IDENTIFIER  shift 96
	NATURAL  shift 72
	DECIMAL  shift 73
	BOOLLIT  shift 74
	.  error

	MethodInvocation  goto 75
	ParseArgs  goto 77
	SimpleExpr  goto 99


state 71
	MethodInvocation : IDENTIFIER . LPAR Args RPAR  (45)
	MethodInvocation : IDENTIFIER . LPAR error RPAR  (46)
	Assignment : IDENTIFIER . ASSIGN Expr  (51)
	SimpleExpr : IDENTIFIER .  (79)
	SimpleExpr : IDENTIFIER . DOTLENGTH  (80)

	LPAR  shift 82
	ASSIGN  shift 83
	DOTLENGTH  shift 100
	RPAR  reduce 79
	RSQ  reduce 79
	SEMICOLON  reduce 79
	COMMA  reduce 79
	PLUS  reduce 79
	MINUS  reduce 79
	STAR  reduce 79
	DIV  reduce 79
	MOD  reduce 79
	AND  reduce 79
	OR  reduce 79
	XOR  reduce 79
	LSHIFT  reduce 79
	RSHIFT  reduce 79
	EQ  reduce 79
	GE  reduce 79
	GT  reduce 79
	LE  reduce 79
	LT  reduce 79
	NE  reduce 79


state 72
	SimpleExpr : NATURAL .  (81)

	.  reduce 81


state 73
	SimpleExpr : DECIMAL .  (82)

	.  reduce 82


state 74
	SimpleExpr : BOOLLIT .  (83)

	.  reduce 83


state 75
	SimpleExpr : MethodInvocation .  (77)

	.  reduce 77


state 76
	Expr : Assignment .  (54)

	.  reduce 54


state 77
	SimpleExpr : ParseArgs .  (78)

	.  reduce 78


state 78
	Statement : RETURN Expr . SEMICOLON  (37)

	SEMICOLON  shift 101
	.  error


state 79
	Expr : SimpleExpr .  (55)
	SimpleExpr : SimpleExpr . PLUS SimpleExpr  (56)
	SimpleExpr : SimpleExpr . MINUS SimpleExpr  (57)
	SimpleExpr : SimpleExpr . STAR SimpleExpr  (58)
	SimpleExpr : SimpleExpr . DIV SimpleExpr  (59)
	SimpleExpr : SimpleExpr . MOD SimpleExpr  (60)
	SimpleExpr : SimpleExpr . AND SimpleExpr  (61)
	SimpleExpr : SimpleExpr . OR SimpleExpr  (62)
	SimpleExpr : SimpleExpr . XOR SimpleExpr  (63)
	SimpleExpr : SimpleExpr . LSHIFT SimpleExpr  (64)
	SimpleExpr : SimpleExpr . RSHIFT SimpleExpr  (65)
	SimpleExpr : SimpleExpr . EQ SimpleExpr  (66)
	SimpleExpr : SimpleExpr . NE SimpleExpr  (67)
	SimpleExpr : SimpleExpr . GT SimpleExpr  (68)
	SimpleExpr : SimpleExpr . GE SimpleExpr  (69)
	SimpleExpr : SimpleExpr . LT SimpleExpr  (70)
	SimpleExpr : SimpleExpr . LE SimpleExpr  (71)

	PLUS  shift 102
	MINUS  shift 103
	STAR  shift 104
	DIV  shift 105
	MOD  shift 106
	AND  shift 107
	OR  shift 108
	XOR  shift 109
	LSHIFT  shift 110
	RSHIFT  shift 111
	EQ  shift 112
	GE  shift 113
	GT  shift 114
	LE  shift 115
	LT  shift 116
	NE  shift 117
	RPAR  reduce 55
	RSQ  reduce 55
	SEMICOLON  reduce 55
	COMMA  reduce 55


state 80
	Statement : PRINT LPAR . Expr RPAR SEMICOLON  (42)
	Statement : PRINT LPAR . STRLIT RPAR SEMICOLON  (43)

	LPAR  shift 66
	PARSEINT  shift 46
	PLUS  shift 68
	MINUS  shift 69
	NOT  shift 70
	IDENTIFIER  shift 71
	NATURAL  shift 72
	DECIMAL  shift 73
	BOOLLIT  shift 74
	STRLIT  shift 118
	.  error

	MethodInvocation  goto 75
	Assignment  goto 76
	ParseArgs  goto 77
	Expr  goto 119
	SimpleExpr  goto 79


state 81
	ParseArgs : PARSEINT LPAR . IDENTIFIER LSQ Expr RSQ RPAR  (52)
	ParseArgs : PARSEINT LPAR . error RPAR  (53)

	error  shift 120
	IDENTIFIER  shift 121
	.  error


state 82
	MethodInvocation : IDENTIFIER LPAR . Args RPAR  (45)
	MethodInvocation : IDENTIFIER LPAR . error RPAR  (46)
	Args : .  (48)

	error  shift 122
	LPAR  shift 66
	PARSEINT  shift 46
	PLUS  shift 68
	MINUS  shift 69
	NOT  shift 70
	IDENTIFIER  shift 71
	NATURAL  shift 72
	DECIMAL  shift 73
	BOOLLIT  shift 74
	RPAR  reduce 48

	MethodInvocation  goto 75
	Args  goto 123
	Assignment  goto 76
	ParseArgs  goto 77
	Expr  goto 124
	SimpleExpr  goto 79


state 83
	Assignment : IDENTIFIER ASSIGN . Expr  (51)

	LPAR  shift 66
	PARSEINT  shift 46
	PLUS  shift 68
	MINUS  shift 69
	NOT  shift 70
	IDENTIFIER  shift 71
	NATURAL  shift 72
	DECIMAL  shift 73
	BOOLLIT  shift 74
	.  error

	MethodInvocation  goto 75
	Assignment  goto 76
	ParseArgs  goto 77
	Expr  goto 125
	SimpleExpr  goto 79


state 84
	VarDecl : Type IDENTIFIER . FieldList SEMICOLON  (29)
	FieldList : .  (11)

	.  reduce 11

	FieldList  goto 126


state 85
	Statement : MethodInvocation SEMICOLON .  (38)

	.  reduce 38


state 86
	Statement : Assignment SEMICOLON .  (39)

	.  reduce 39


state 87
	Statement : ParseArgs SEMICOLON .  (40)

	.  reduce 40


state 88
	TypeArray : STRING LSQ RSQ .  (15)

	.  reduce 15


state 89
	FormalParamsList : FormalParamsList COMMA Type . IDENTIFIER  (22)

	IDENTIFIER  shift 127
	.  error


state 90
	Statement : LBRACE StmtList RBRACE .  (32)

	.  reduce 32


state 91
	StmtList : StmtList Statement .  (30)

	.  reduce 30


state 92
	Statement : IF LPAR Expr . RPAR Statement  (33)
	Statement : IF LPAR Expr . RPAR Statement ELSE Statement  (34)

	RPAR  shift 128
	.  error


state 93
	Statement : WHILE LPAR Expr . RPAR Statement  (35)

	RPAR  shift 129
	.  error


state 94
	SimpleExpr : LPAR error . RPAR  (76)

	RPAR  shift 130
	.  error


state 95
	SimpleExpr : LPAR Expr . RPAR  (75)

	RPAR  shift 131
	.  error


state 96
	MethodInvocation : IDENTIFIER . LPAR Args RPAR  (45)
	MethodInvocation : IDENTIFIER . LPAR error RPAR  (46)
	SimpleExpr : IDENTIFIER .  (79)
	SimpleExpr : IDENTIFIER . DOTLENGTH  (80)

	LPAR  shift 82
	DOTLENGTH  shift 100
	RPAR  reduce 79
	RSQ  reduce 79
	SEMICOLON  reduce 79
	COMMA  reduce 79
	PLUS  reduce 79
	MINUS  reduce 79
	STAR  reduce 79
	DIV  reduce 79
	MOD  reduce 79
	AND  reduce 79
	OR  reduce 79
	XOR  reduce 79
	LSHIFT  reduce 79
	RSHIFT  reduce 79
	EQ  reduce 79
	GE  reduce 79
	GT  reduce 79
	LE  reduce 79
	LT  reduce 79
	NE  reduce 79


state 97
	SimpleExpr : SimpleExpr . PLUS SimpleExpr  (56)
	SimpleExpr : SimpleExpr . MINUS SimpleExpr  (57)
	SimpleExpr : SimpleExpr . STAR SimpleExpr  (58)
	SimpleExpr : SimpleExpr . DIV SimpleExpr  (59)
	SimpleExpr : SimpleExpr . MOD SimpleExpr  (60)
	SimpleExpr : SimpleExpr . AND SimpleExpr  (61)
	SimpleExpr : SimpleExpr . OR SimpleExpr  (62)
	SimpleExpr : SimpleExpr . XOR SimpleExpr  (63)
	SimpleExpr : SimpleExpr . LSHIFT SimpleExpr  (64)
	SimpleExpr : SimpleExpr . RSHIFT SimpleExpr  (65)
	SimpleExpr : SimpleExpr . EQ SimpleExpr  (66)
	SimpleExpr : SimpleExpr . NE SimpleExpr  (67)
	SimpleExpr : SimpleExpr . GT SimpleExpr  (68)
	SimpleExpr : SimpleExpr . GE SimpleExpr  (69)
	SimpleExpr : SimpleExpr . LT SimpleExpr  (70)
	SimpleExpr : SimpleExpr . LE SimpleExpr  (71)
	SimpleExpr : PLUS SimpleExpr .  (73)

	.  reduce 73


state 98
	SimpleExpr : SimpleExpr . PLUS SimpleExpr  (56)
	SimpleExpr : SimpleExpr . MINUS SimpleExpr  (57)
	SimpleExpr : SimpleExpr . STAR SimpleExpr  (58)
	SimpleExpr : SimpleExpr . DIV SimpleExpr  (59)
	SimpleExpr : SimpleExpr . MOD SimpleExpr  (60)
	SimpleExpr : SimpleExpr . AND SimpleExpr  (61)
	SimpleExpr : SimpleExpr . OR SimpleExpr  (62)
	SimpleExpr : SimpleExpr . XOR SimpleExpr  (63)
	SimpleExpr : SimpleExpr . LSHIFT SimpleExpr  (64)
	SimpleExpr : SimpleExpr . RSHIFT SimpleExpr  (65)
	SimpleExpr : SimpleExpr . EQ SimpleExpr  (66)
	SimpleExpr : SimpleExpr . NE SimpleExpr  (67)
	SimpleExpr : SimpleExpr . GT SimpleExpr  (68)
	SimpleExpr : SimpleExpr . GE SimpleExpr  (69)
	SimpleExpr : SimpleExpr . LT SimpleExpr  (70)
	SimpleExpr : SimpleExpr . LE SimpleExpr  (71)
	SimpleExpr : MINUS SimpleExpr .  (72)

	.  reduce 72


state 99
	SimpleExpr : SimpleExpr . PLUS SimpleExpr  (56)
	SimpleExpr : SimpleExpr . MINUS SimpleExpr  (57)
	SimpleExpr : SimpleExpr . STAR SimpleExpr  (58)
	SimpleExpr : SimpleExpr . DIV SimpleExpr  (59)
	SimpleExpr : SimpleExpr . MOD SimpleExpr  (60)
	SimpleExpr : SimpleExpr . AND SimpleExpr  (61)
	SimpleExpr : SimpleExpr . OR SimpleExpr  (62)
	SimpleExpr : SimpleExpr . XOR SimpleExpr  (63)
	SimpleExpr : SimpleExpr . LSHIFT SimpleExpr  (64)
	SimpleExpr : SimpleExpr . RSHIFT SimpleExpr  (65)
	SimpleExpr : SimpleExpr . EQ SimpleExpr  (66)
	SimpleExpr : SimpleExpr . NE SimpleExpr  (67)
	SimpleExpr : SimpleExpr . GT SimpleExpr  (68)
	SimpleExpr : SimpleExpr . GE SimpleExpr  (69)
	SimpleExpr : SimpleExpr . LT SimpleExpr  (70)
	SimpleExpr : SimpleExpr . LE SimpleExpr  (71)
	SimpleExpr : NOT SimpleExpr .  (74)

	.  reduce 74


state 100
	SimpleExpr : IDENTIFIER DOTLENGTH .  (80)

	.  reduce 80


state 101
	Statement : RETURN Expr SEMICOLON .  (37)

	.  reduce 37


state 102
	SimpleExpr : SimpleExpr PLUS . SimpleExpr  (56)

	LPAR  shift 66
	PARSEINT  shift 46
	PLUS  shift 68
	MINUS  shift 69
	NOT  shift 70
	IDENTIFIER  shift 96
	NATURAL  shift 72
	DECIMAL  shift 73
	BOOLLIT  shift 74
	.  error

	MethodInvocation  goto 75
	ParseArgs  goto 77
	SimpleExpr  goto 132


state 103
	SimpleExpr : SimpleExpr MINUS . SimpleExpr  (57)

	LPAR  shift 66
	PARSEINT  shift 46
	PLUS  shift 68
	MINUS  shift 69
	NOT  shift 70
	IDENTIFIER  shift 96
	NATURAL  shift 72
	DECIMAL  shift 73
	BOOLLIT  shift 74
	.  error

	MethodInvocation  goto 75
	ParseArgs  goto 77
	SimpleExpr  goto 133


state 104
	SimpleExpr : SimpleExpr STAR . SimpleExpr  (58)

	LPAR  shift 66
	PARSEINT  shift 46
	PLUS  shift 68
	MINUS  shift 69
	NOT  shift 70
	IDENTIFIER  shift 96
	NATURAL  shift 72
	DECIMAL  shift 73
	BOOLLIT  shift 74
	.  error

	MethodInvocation  goto 75
	ParseArgs  goto 77
	SimpleExpr  goto 134


state 105
	SimpleExpr : SimpleExpr DIV . SimpleExpr  (59)

	LPAR  shift 66
	PARSEINT  shift 46
	PLUS  shift 68
	MINUS  shift 69
	NOT  shift 70
	IDENTIFIER  shift 96
	NATURAL  shift 72
	DECIMAL  shift 73
	BOOLLIT  shift 74
	.  error

	MethodInvocation  goto 75
	ParseArgs  goto 77
	SimpleExpr  goto 135


state 106
	SimpleExpr : SimpleExpr MOD . SimpleExpr  (60)

	LPAR  shift 66
	PARSEINT  shift 46
	PLUS  shift 68
	MINUS  shift 69
	NOT  shift 70
	IDENTIFIER  shift 96
	NATURAL  shift 72
	DECIMAL  shift 73
	BOOLLIT  shift 74
	.  error

	MethodInvocation  goto 75
	ParseArgs  goto 77
	SimpleExpr  goto 136


state 107
	SimpleExpr : SimpleExpr AND . SimpleExpr  (61)

	LPAR  shift 66
	PARSEINT  shift 46
	PLUS  shift 68
	MINUS  shift 69
	NOT  shift 70
	IDENTIFIER  shift 96
	NATURAL  shift 72
	DECIMAL  shift 73
	BOOLLIT  shift 74
	.  error

	MethodInvocation  goto 75
	ParseArgs  goto 77
	SimpleExpr  goto 137


state 108
	SimpleExpr : SimpleExpr OR . SimpleExpr  (62)

	LPAR  shift 66
	PARSEINT  shift 46
	PLUS  shift 68
	MINUS  shift 69
	NOT  shift 70
	IDENTIFIER  shift 96
	NATURAL  shift 72
	DECIMAL  shift 73
	BOOLLIT  shift 74
	.  error

	MethodInvocation  goto 75
	ParseArgs  goto 77
	SimpleExpr  goto 138


state 109
	SimpleExpr : SimpleExpr XOR . SimpleExpr  (63)

	LPAR  shift 66
	PARSEINT  shift 46
	PLUS  shift 68
	MINUS  shift 69
	NOT  shift 70
	IDENTIFIER  shift 96
	NATURAL  shift 72
	DECIMAL  shift 73
	BOOLLIT  shift 74
	.  error

	MethodInvocation  goto 75
	ParseArgs  goto 77
	SimpleExpr  goto 139


state 110
	SimpleExpr : SimpleExpr LSHIFT . SimpleExpr  (64)

	LPAR  shift 66
	PARSEINT  shift 46
	PLUS  shift 68
	MINUS  shift 69
	NOT  shift 70
	IDENTIFIER  shift 96
	NATURAL  shift 72
	DECIMAL  shift 73
	BOOLLIT  shift 74
	.  error

	MethodInvocation  goto 75
	ParseArgs  goto 77
	SimpleExpr  goto 140


state 111
	SimpleExpr : SimpleExpr RSHIFT . SimpleExpr  (65)

	LPAR  shift 66
	PARSEINT  shift 46
	PLUS  shift 68
	MINUS  shift 69
	NOT  shift 70
	IDENTIFIER  shift 96
	NATURAL  shift 72
	DECIMAL  shift 73
	BOOLLIT  shift 74
	.  error

	MethodInvocation  goto 75
	ParseArgs  goto 77
	SimpleExpr  goto 141


state 112
	SimpleExpr : SimpleExpr EQ . SimpleExpr  (66)

	LPAR  shift 66
	PARSEINT  shift 46
	PLUS  shift 68
	MINUS  shift 69
	NOT  shift 70
	IDENTIFIER  shift 96
	NATURAL  shift 72
	DECIMAL  shift 73
	BOOLLIT  shift 74
	.  error

	MethodInvocation  goto 75
	ParseArgs  goto 77
	SimpleExpr  goto 142


state 113
	SimpleExpr : SimpleExpr GE . SimpleExpr  (69)

	LPAR  shift 66
	PARSEINT  shift 46
	PLUS  shift 68
	MINUS  shift 69
	NOT  shift 70
	IDENTIFIER  shift 96
	NATURAL  shift 72
	DECIMAL  shift 73
	BOOLLIT  shift 74
	.  error

	MethodInvocation  goto 75
	ParseArgs  goto 77
	SimpleExpr  goto 143


state 114
	SimpleExpr : SimpleExpr GT . SimpleExpr  (68)

	LPAR  shift 66
	PARSEINT  shift 46
	PLUS  shift 68
	MINUS  shift 69
	NOT  shift 70
	IDENTIFIER  shift 96
	NATURAL  shift 72
	DECIMAL  shift 73
	BOOLLIT  shift 74
	.  error

	MethodInvocation  goto 75
	ParseArgs  goto 77
	SimpleExpr  goto 144


state 115
	SimpleExpr : SimpleExpr LE . SimpleExpr  (71)

	LPAR  shift 66
	PARSEINT  shift 46
	PLUS  shift 68
	MINUS  shift 69
	NOT  shift 70
	IDENTIFIER  shift 96
	NATURAL  shift 72
	DECIMAL  shift 73
	BOOLLIT  shift 74
	.  error

	MethodInvocation  goto 75
	ParseArgs  goto 77
	SimpleExpr  goto 145


state 116
	SimpleExpr : SimpleExpr LT . SimpleExpr  (70)

	LPAR  shift 66
	PARSEINT  shift 46
	PLUS  shift 68
	MINUS  shift 69
	NOT  shift 70
	IDENTIFIER  shift 96
	NATURAL  shift 72
	DECIMAL  shift 73
	BOOLLIT  shift 74
	.  error

	MethodInvocation  goto 75
	ParseArgs  goto 77
	SimpleExpr  goto 146


state 117
	SimpleExpr : SimpleExpr NE . SimpleExpr  (67)

	LPAR  shift 66
	PARSEINT  shift 46
	PLUS  shift 68
	MINUS  shift 69
	NOT  shift 70
	IDENTIFIER  shift 96
	NATURAL  shift 72
	DECIMAL  shift 73
	BOOLLIT  shift 74
	.  error

	MethodInvocation  goto 75
	ParseArgs  goto 77
	SimpleExpr  goto 147


state 118
	Statement : PRINT LPAR STRLIT . RPAR SEMICOLON  (43)

	RPAR  shift 148
	.  error


state 119
	Statement : PRINT LPAR Expr . RPAR SEMICOLON  (42)

	RPAR  shift 149
	.  error


state 120
	ParseArgs : PARSEINT LPAR error . RPAR  (53)

	RPAR  shift 150
	.  error


state 121
	ParseArgs : PARSEINT LPAR IDENTIFIER . LSQ Expr RSQ RPAR  (52)

	LSQ  shift 151
	.  error


state 122
	MethodInvocation : IDENTIFIER LPAR error . RPAR  (46)

	RPAR  shift 152
	.  error


state 123
	MethodInvocation : IDENTIFIER LPAR Args . RPAR  (45)

	RPAR  shift 153
	.  error


state 124
	Args : Expr . ExprList  (47)
	ExprList : .  (50)

	.  reduce 50

	ExprList  goto 154


state 125
	Assignment : IDENTIFIER ASSIGN Expr .  (51)

	.  reduce 51


state 126
	FieldList : FieldList . COMMA IDENTIFIER  (10)
	VarDecl : Type IDENTIFIER FieldList . SEMICOLON  (29)

	SEMICOLON  shift 155
	COMMA  shift 36
	.  error


state 127
	FormalParamsList : FormalParamsList COMMA Type IDENTIFIER .  (22)

	.  reduce 22


state 128
	Statement : IF LPAR Expr RPAR . Statement  (33)
	Statement : IF LPAR Expr RPAR . Statement ELSE Statement  (34)

	error  shift 38
	LBRACE  shift 39
	SEMICOLON  shift 41
	IF  shift 42
	WHILE  shift 43
	RETURN  shift 44
	PRINT  shift 45
	PARSEINT  shift 46
	IDENTIFIER  shift 47
	.  error

	Statement  goto 156
	MethodInvocation  goto 52
	Assignment  goto 53
	ParseArgs  goto 54


state 129
	Statement : WHILE LPAR Expr RPAR . Statement  (35)

	error  shift 38
	LBRACE  shift 39
	SEMICOLON  shift 41
	IF  shift 42
	WHILE  shift 43
	RETURN  shift 44
	PRINT  shift 45
	PARSEINT  shift 46
	IDENTIFIER  shift 47
	.  error

	Statement  goto 157
	MethodInvocation  goto 52
	Assignment  goto 53
	ParseArgs  goto 54


state 130
	SimpleExpr : LPAR error RPAR .  (76)

	.  reduce 76


state 131
	SimpleExpr : LPAR Expr RPAR .  (75)

	.  reduce 75


state 132
	SimpleExpr : SimpleExpr . PLUS SimpleExpr  (56)
	SimpleExpr : SimpleExpr PLUS SimpleExpr .  (56)
	SimpleExpr : SimpleExpr . MINUS SimpleExpr  (57)
	SimpleExpr : SimpleExpr . STAR SimpleExpr  (58)
	SimpleExpr : SimpleExpr . DIV SimpleExpr  (59)
	SimpleExpr : SimpleExpr . MOD SimpleExpr  (60)
	SimpleExpr : SimpleExpr . AND SimpleExpr  (61)
	SimpleExpr : SimpleExpr . OR SimpleExpr  (62)
	SimpleExpr : SimpleExpr . XOR SimpleExpr  (63)
	SimpleExpr : SimpleExpr . LSHIFT SimpleExpr  (64)
	SimpleExpr : SimpleExpr . RSHIFT SimpleExpr  (65)
	SimpleExpr : SimpleExpr . EQ SimpleExpr  (66)
	SimpleExpr : SimpleExpr . NE SimpleExpr  (67)
	SimpleExpr : SimpleExpr . GT SimpleExpr  (68)
	SimpleExpr : SimpleExpr . GE SimpleExpr  (69)
	SimpleExpr : SimpleExpr . LT SimpleExpr  (70)
	SimpleExpr : SimpleExpr . LE SimpleExpr  (71)

	STAR  shift 104
	DIV  shift 105
	MOD  shift 106
	RPAR  reduce 56
	RSQ  reduce 56
	SEMICOLON  reduce 56
	COMMA  reduce 56
	PLUS  reduce 56
	MINUS  reduce 56
	AND  reduce 56
	OR  reduce 56
	XOR  reduce 56
	LSHIFT  reduce 56
	RSHIFT  reduce 56
	EQ  reduce 56
	GE  reduce 56
	GT  reduce 56
	LE  reduce 56
	LT  reduce 56
	NE  reduce 56


state 133
	SimpleExpr : SimpleExpr . PLUS SimpleExpr  (56)
	SimpleExpr : SimpleExpr . MINUS SimpleExpr  (57)
	SimpleExpr : SimpleExpr MINUS SimpleExpr .  (57)
	SimpleExpr : SimpleExpr . STAR SimpleExpr  (58)
	SimpleExpr : SimpleExpr . DIV SimpleExpr  (59)
	SimpleExpr : SimpleExpr . MOD SimpleExpr  (60)
	SimpleExpr : SimpleExpr . AND SimpleExpr  (61)
	SimpleExpr : SimpleExpr . OR SimpleExpr  (62)
	SimpleExpr : SimpleExpr . XOR SimpleExpr  (63)
	SimpleExpr : SimpleExpr . LSHIFT SimpleExpr  (64)
	SimpleExpr : SimpleExpr . RSHIFT SimpleExpr  (65)
	SimpleExpr : SimpleExpr . EQ SimpleExpr  (66)
	SimpleExpr : SimpleExpr . NE SimpleExpr  (67)
	SimpleExpr : SimpleExpr . GT SimpleExpr  (68)
	SimpleExpr : SimpleExpr . GE SimpleExpr  (69)
	SimpleExpr : SimpleExpr . LT SimpleExpr  (70)
	SimpleExpr : SimpleExpr . LE SimpleExpr  (71)

	STAR  shift 104
	DIV  shift 105
	MOD  shift 106
	RPAR  reduce 57
	RSQ  reduce 57
	SEMICOLON  reduce 57
	COMMA  reduce 57
	PLUS  reduce 57
	MINUS  reduce 57
	AND  reduce 57
	OR  reduce 57
	XOR  reduce 57
	LSHIFT  reduce 57
	RSHIFT  reduce 57
	EQ  reduce 57
	GE  reduce 57
	GT  reduce 57
	LE  reduce 57
	LT  reduce 57
	NE  reduce 57


state 134
	SimpleExpr : SimpleExpr . PLUS SimpleExpr  (56)
	SimpleExpr : SimpleExpr . MINUS SimpleExpr  (57)
	SimpleExpr : SimpleExpr . STAR SimpleExpr  (58)
	SimpleExpr : SimpleExpr STAR SimpleExpr .  (58)
	SimpleExpr : SimpleExpr . DIV SimpleExpr  (59)
	SimpleExpr : SimpleExpr . MOD SimpleExpr  (60)
	SimpleExpr : SimpleExpr . AND SimpleExpr  (61)
	SimpleExpr : SimpleExpr . OR SimpleExpr  (62)
	SimpleExpr : SimpleExpr . XOR SimpleExpr  (63)
	SimpleExpr : SimpleExpr . LSHIFT SimpleExpr  (64)
	SimpleExpr : SimpleExpr . RSHIFT SimpleExpr  (65)
	SimpleExpr : SimpleExpr . EQ SimpleExpr  (66)
	SimpleExpr : SimpleExpr . NE SimpleExpr  (67)
	SimpleExpr : SimpleExpr . GT SimpleExpr  (68)
	SimpleExpr : SimpleExpr . GE SimpleExpr  (69)
	SimpleExpr : SimpleExpr . LT SimpleExpr  (70)
	SimpleExpr : SimpleExpr . LE SimpleExpr  (71)

	.  reduce 58


state 135
	SimpleExpr : SimpleExpr . PLUS SimpleExpr  (56)
	SimpleExpr : SimpleExpr . MINUS SimpleExpr  (57)
	SimpleExpr : SimpleExpr . STAR SimpleExpr  (58)
	SimpleExpr : SimpleExpr . DIV SimpleExpr  (59)
	SimpleExpr : SimpleExpr DIV SimpleExpr .  (59)
	SimpleExpr : SimpleExpr . MOD SimpleExpr  (60)
	SimpleExpr : SimpleExpr . AND SimpleExpr  (61)
	SimpleExpr : SimpleExpr . OR SimpleExpr  (62)
	SimpleExpr : SimpleExpr . XOR SimpleExpr  (63)
	SimpleExpr : SimpleExpr . LSHIFT SimpleExpr  (64)
	SimpleExpr : SimpleExpr . RSHIFT SimpleExpr  (65)
	SimpleExpr : SimpleExpr . EQ SimpleExpr  (66)
	SimpleExpr : SimpleExpr . NE SimpleExpr  (67)
	SimpleExpr : SimpleExpr . GT SimpleExpr  (68)
	SimpleExpr : SimpleExpr . GE SimpleExpr  (69)
	SimpleExpr : SimpleExpr . LT SimpleExpr  (70)
	SimpleExpr : SimpleExpr . LE SimpleExpr  (71)

	.  reduce 59


state 136
	SimpleExpr : SimpleExpr . PLUS SimpleExpr  (56)
	SimpleExpr : SimpleExpr . MINUS SimpleExpr  (57)
	SimpleExpr : SimpleExpr . STAR SimpleExpr  (58)
	SimpleExpr : SimpleExpr . DIV SimpleExpr  (59)
	SimpleExpr : SimpleExpr . MOD SimpleExpr  (60)
	SimpleExpr : SimpleExpr MOD SimpleExpr .  (60)
	SimpleExpr : SimpleExpr . AND SimpleExpr  (61)
	SimpleExpr : SimpleExpr . OR SimpleExpr  (62)
	SimpleExpr : SimpleExpr . XOR SimpleExpr  (63)
	SimpleExpr : SimpleExpr . LSHIFT SimpleExpr  (64)
	SimpleExpr : SimpleExpr . RSHIFT SimpleExpr  (65)
	SimpleExpr : SimpleExpr . EQ SimpleExpr  (66)
	SimpleExpr : SimpleExpr . NE SimpleExpr  (67)
	SimpleExpr : SimpleExpr . GT SimpleExpr  (68)
	SimpleExpr : SimpleExpr . GE SimpleExpr  (69)
	SimpleExpr : SimpleExpr . LT SimpleExpr  (70)
	SimpleExpr : SimpleExpr . LE SimpleExpr  (71)

	.  reduce 60


state 137
	SimpleExpr : SimpleExpr . PLUS SimpleExpr  (56)
	SimpleExpr : SimpleExpr . MINUS SimpleExpr  (57)
	SimpleExpr : SimpleExpr . STAR SimpleExpr  (58)
	SimpleExpr : SimpleExpr . DIV SimpleExpr  (59)
	SimpleExpr : SimpleExpr . MOD SimpleExpr  (60)
	SimpleExpr : SimpleExpr . AND SimpleExpr  (61)
	SimpleExpr : SimpleExpr AND SimpleExpr .  (61)
	SimpleExpr : SimpleExpr . OR SimpleExpr  (62)
	SimpleExpr : SimpleExpr . XOR SimpleExpr  (63)
	SimpleExpr : SimpleExpr . LSHIFT SimpleExpr  (64)
	SimpleExpr : SimpleExpr . RSHIFT SimpleExpr  (65)
	SimpleExpr : SimpleExpr . EQ SimpleExpr  (66)
	SimpleExpr : SimpleExpr . NE SimpleExpr  (67)
	SimpleExpr : SimpleExpr . GT SimpleExpr  (68)
	SimpleExpr : SimpleExpr . GE SimpleExpr  (69)
	SimpleExpr : SimpleExpr . LT SimpleExpr  (70)
	SimpleExpr : SimpleExpr . LE SimpleExpr  (71)

	PLUS  shift 102
	MINUS  shift 103
	STAR  shift 104
	DIV  shift 105
	MOD  shift 106
	XOR  shift 109
	LSHIFT  shift 110
	RSHIFT  shift 111
	EQ  shift 112
	GE  shift 113
	GT  shift 114
	LE  shift 115
	LT  shift 116
	NE  shift 117
	RPAR  reduce 61
	RSQ  reduce 61
	SEMICOLON  reduce 61
	COMMA  reduce 61
	AND  reduce 61
	OR  reduce 61


state 138
	SimpleExpr : SimpleExpr . PLUS SimpleExpr  (56)
	SimpleExpr : SimpleExpr . MINUS SimpleExpr  (57)
	SimpleExpr : SimpleExpr . STAR SimpleExpr  (58)
	SimpleExpr : SimpleExpr . DIV SimpleExpr  (59)
	SimpleExpr : SimpleExpr . MOD SimpleExpr  (60)
	SimpleExpr : SimpleExpr . AND SimpleExpr  (61)
	SimpleExpr : SimpleExpr . OR SimpleExpr  (62)
	SimpleExpr : SimpleExpr OR SimpleExpr .  (62)
	SimpleExpr : SimpleExpr . XOR SimpleExpr  (63)
	SimpleExpr : SimpleExpr . LSHIFT SimpleExpr  (64)
	SimpleExpr : SimpleExpr . RSHIFT SimpleExpr  (65)
	SimpleExpr : SimpleExpr . EQ SimpleExpr  (66)
	SimpleExpr : SimpleExpr . NE SimpleExpr  (67)
	SimpleExpr : SimpleExpr . GT SimpleExpr  (68)
	SimpleExpr : SimpleExpr . GE SimpleExpr  (69)
	SimpleExpr : SimpleExpr . LT SimpleExpr  (70)
	SimpleExpr : SimpleExpr . LE SimpleExpr  (71)

	PLUS  shift 102
	MINUS  shift 103
	STAR  shift 104
	DIV  shift 105
	MOD  shift 106
	AND  shift 107
	XOR  shift 109
	LSHIFT  shift 110
	RSHIFT  shift 111
	EQ  shift 112
	GE  shift 113
	GT  shift 114
	LE  shift 115
	LT  shift 116
	NE  shift 117
	RPAR  reduce 62
	RSQ  reduce 62
	SEMICOLON  reduce 62
	COMMA  reduce 62
	OR  reduce 62


state 139
	SimpleExpr : SimpleExpr . PLUS SimpleExpr  (56)
	SimpleExpr : SimpleExpr . MINUS SimpleExpr  (57)
	SimpleExpr : SimpleExpr . STAR SimpleExpr  (58)
	SimpleExpr : SimpleExpr . DIV SimpleExpr  (59)
	SimpleExpr : SimpleExpr . MOD SimpleExpr  (60)
	SimpleExpr : SimpleExpr . AND SimpleExpr  (61)
	SimpleExpr : SimpleExpr . OR SimpleExpr  (62)
	SimpleExpr : SimpleExpr . XOR SimpleExpr  (63)
	SimpleExpr : SimpleExpr XOR SimpleExpr .  (63)
	SimpleExpr : SimpleExpr . LSHIFT SimpleExpr  (64)
	SimpleExpr : SimpleExpr . RSHIFT SimpleExpr  (65)
	SimpleExpr : SimpleExpr . EQ SimpleExpr  (66)
	SimpleExpr : SimpleExpr . NE SimpleExpr  (67)
	SimpleExpr : SimpleExpr . GT SimpleExpr  (68)
	SimpleExpr : SimpleExpr . GE SimpleExpr  (69)
	SimpleExpr : SimpleExpr . LT SimpleExpr  (70)
	SimpleExpr : SimpleExpr . LE SimpleExpr  (71)

	PLUS  shift 102
	MINUS  shift 103
	STAR  shift 104
	DIV  shift 105
	MOD  shift 106
	LSHIFT  shift 110
	RSHIFT  shift 111
	EQ  shift 112
	GE  shift 113
	GT  shift 114
	LE  shift 115
	LT  shift 116
	NE  shift 117
	RPAR  reduce 63
	RSQ  reduce 63
	SEMICOLON  reduce 63
	COMMA  reduce 63
	AND  reduce 63
	OR  reduce 63
	XOR  reduce 63


state 140
	SimpleExpr : SimpleExpr . PLUS SimpleExpr  (56)
	SimpleExpr : SimpleExpr . MINUS SimpleExpr  (57)
	SimpleExpr : SimpleExpr . STAR SimpleExpr  (58)
	SimpleExpr : SimpleExpr . DIV SimpleExpr  (59)
	SimpleExpr : SimpleExpr . MOD SimpleExpr  (60)
	SimpleExpr : SimpleExpr . AND SimpleExpr  (61)
	SimpleExpr : SimpleExpr . OR SimpleExpr  (62)
	SimpleExpr : SimpleExpr . XOR SimpleExpr  (63)
	SimpleExpr : SimpleExpr . LSHIFT SimpleExpr  (64)
	SimpleExpr : SimpleExpr LSHIFT SimpleExpr .  (64)
	SimpleExpr : SimpleExpr . RSHIFT SimpleExpr  (65)
	SimpleExpr : SimpleExpr . EQ SimpleExpr  (66)
	SimpleExpr : SimpleExpr . NE SimpleExpr  (67)
	SimpleExpr : SimpleExpr . GT SimpleExpr  (68)
	SimpleExpr : SimpleExpr . GE SimpleExpr  (69)
	SimpleExpr : SimpleExpr . LT SimpleExpr  (70)
	SimpleExpr : SimpleExpr . LE SimpleExpr  (71)

	PLUS  shift 102
	MINUS  shift 103
	STAR  shift 104
	DIV  shift 105
	MOD  shift 106
	RPAR  reduce 64
	RSQ  reduce 64
	SEMICOLON  reduce 64
	COMMA  reduce 64
	AND  reduce 64
	OR  reduce 64
	XOR  reduce 64
	LSHIFT  reduce 64
	RSHIFT  reduce 64
	EQ  reduce 64
	GE  reduce 64
	GT  reduce 64
	LE  reduce 64
	LT  reduce 64
	NE  reduce 64


state 141
	SimpleExpr : SimpleExpr . PLUS SimpleExpr  (56)
	SimpleExpr : SimpleExpr . MINUS SimpleExpr  (57)
	SimpleExpr : SimpleExpr . STAR SimpleExpr  (58)
	SimpleExpr : SimpleExpr . DIV SimpleExpr  (59)
	SimpleExpr : SimpleExpr . MOD SimpleExpr  (60)
	SimpleExpr : SimpleExpr . AND SimpleExpr  (61)
	SimpleExpr : SimpleExpr . OR SimpleExpr  (62)
	SimpleExpr : SimpleExpr . XOR SimpleExpr  (63)
	SimpleExpr : SimpleExpr . LSHIFT SimpleExpr  (64)
	SimpleExpr : SimpleExpr . RSHIFT SimpleExpr  (65)
	SimpleExpr : SimpleExpr RSHIFT SimpleExpr .  (65)
	SimpleExpr : SimpleExpr . EQ SimpleExpr  (66)
	SimpleExpr : SimpleExpr . NE SimpleExpr  (67)
	SimpleExpr : SimpleExpr . GT SimpleExpr  (68)
	SimpleExpr : SimpleExpr . GE SimpleExpr  (69)
	SimpleExpr : SimpleExpr . LT SimpleExpr  (70)
	SimpleExpr : SimpleExpr . LE SimpleExpr  (71)

	PLUS  shift 102
	MINUS  shift 103
	STAR  shift 104
	DIV  shift 105
	MOD  shift 106
	RPAR  reduce 65
	RSQ  reduce 65
	SEMICOLON  reduce 65
	COMMA  reduce 65
	AND  reduce 65
	OR  reduce 65
	XOR  reduce 65
	LSHIFT  reduce 65
	RSHIFT  reduce 65
	EQ  reduce 65
	GE  reduce 65
	GT  reduce 65
	LE  reduce 65
	LT  reduce 65
	NE  reduce 65


state 142
	SimpleExpr : SimpleExpr . PLUS SimpleExpr  (56)
	SimpleExpr : SimpleExpr . MINUS SimpleExpr  (57)
	SimpleExpr : SimpleExpr . STAR SimpleExpr  (58)
	SimpleExpr : SimpleExpr . DIV SimpleExpr  (59)
	SimpleExpr : SimpleExpr . MOD SimpleExpr  (60)
	SimpleExpr : SimpleExpr . AND SimpleExpr  (61)
	SimpleExpr : SimpleExpr . OR SimpleExpr  (62)
	SimpleExpr : SimpleExpr . XOR SimpleExpr  (63)
	SimpleExpr : SimpleExpr . LSHIFT SimpleExpr  (64)
	SimpleExpr : SimpleExpr . RSHIFT SimpleExpr  (65)
	SimpleExpr : SimpleExpr . EQ SimpleExpr  (66)
	SimpleExpr : SimpleExpr EQ SimpleExpr .  (66)
	SimpleExpr : SimpleExpr . NE SimpleExpr  (67)
	SimpleExpr : SimpleExpr . GT SimpleExpr  (68)
	SimpleExpr : SimpleExpr . GE SimpleExpr  (69)
	SimpleExpr : SimpleExpr . LT SimpleExpr  (70)
	SimpleExpr : SimpleExpr . LE SimpleExpr  (71)

	PLUS  shift 102
	MINUS  shift 103
	STAR  shift 104
	DIV  shift 105
	MOD  shift 106
	LSHIFT  shift 110
	RSHIFT  shift 111
	GE  shift 113
	GT  shift 114
	LE  shift 115
	LT  shift 116
	RPAR  reduce 66
	RSQ  reduce 66
	SEMICOLON  reduce 66
	COMMA  reduce 66
	AND  reduce 66
	OR  reduce 66
	XOR  reduce 66
	EQ  reduce 66
	NE  reduce 66


state 143
	SimpleExpr : SimpleExpr . PLUS SimpleExpr  (56)
	SimpleExpr : SimpleExpr . MINUS SimpleExpr  (57)
	SimpleExpr : SimpleExpr . STAR SimpleExpr  (58)
	SimpleExpr : SimpleExpr . DIV SimpleExpr  (59)
	SimpleExpr : SimpleExpr . MOD SimpleExpr  (60)
	SimpleExpr : SimpleExpr . AND SimpleExpr  (61)
	SimpleExpr : SimpleExpr . OR SimpleExpr  (62)
	SimpleExpr : SimpleExpr . XOR SimpleExpr  (63)
	SimpleExpr : SimpleExpr . LSHIFT SimpleExpr  (64)
	SimpleExpr : SimpleExpr . RSHIFT SimpleExpr  (65)
	SimpleExpr : SimpleExpr . EQ SimpleExpr  (66)
	SimpleExpr : SimpleExpr . NE SimpleExpr  (67)
	SimpleExpr : SimpleExpr . GT SimpleExpr  (68)
	SimpleExpr : SimpleExpr . GE SimpleExpr  (69)
	SimpleExpr : SimpleExpr GE SimpleExpr .  (69)
	SimpleExpr : SimpleExpr . LT SimpleExpr  (70)
	SimpleExpr : SimpleExpr . LE SimpleExpr  (71)

	PLUS  shift 102
	MINUS  shift 103
	STAR  shift 104
	DIV  shift 105
	MOD  shift 106
	LSHIFT  shift 110
	RSHIFT  shift 111
	RPAR  reduce 69
	RSQ  reduce 69
	SEMICOLON  reduce 69
	COMMA  reduce 69
	AND  reduce 69
	OR  reduce 69
	XOR  reduce 69
	EQ  reduce 69
	GE  reduce 69
	GT  reduce 69
	LE  reduce 69
	LT  reduce 69
	NE  reduce 69


state 144
	SimpleExpr : SimpleExpr . PLUS SimpleExpr  (56)
	SimpleExpr : SimpleExpr . MINUS SimpleExpr  (57)
	SimpleExpr : SimpleExpr . STAR SimpleExpr  (58)
	SimpleExpr : SimpleExpr . DIV SimpleExpr  (59)
	SimpleExpr : SimpleExpr . MOD SimpleExpr  (60)
	SimpleExpr : SimpleExpr . AND SimpleExpr  (61)
	SimpleExpr : SimpleExpr . OR SimpleExpr  (62)
	SimpleExpr : SimpleExpr . XOR SimpleExpr  (63)
	SimpleExpr : SimpleExpr . LSHIFT SimpleExpr  (64)
	SimpleExpr : SimpleExpr . RSHIFT SimpleExpr  (65)
	SimpleExpr : SimpleExpr . EQ SimpleExpr  (66)
	SimpleExpr : SimpleExpr . NE SimpleExpr  (67)
	SimpleExpr : SimpleExpr . GT SimpleExpr  (68)
	SimpleExpr : SimpleExpr GT SimpleExpr .  (68)
	SimpleExpr : SimpleExpr . GE SimpleExpr  (69)
	SimpleExpr : SimpleExpr . LT SimpleExpr  (70)
	SimpleExpr : SimpleExpr . LE SimpleExpr  (71)

	PLUS  shift 102
	MINUS  shift 103
	STAR  shift 104
	DIV  shift 105
	MOD  shift 106
	LSHIFT  shift 110
	RSHIFT  shift 111
	RPAR  reduce 68
	RSQ  reduce 68
	SEMICOLON  reduce 68
	COMMA  reduce 68
	AND  reduce 68
	OR  reduce 68
	XOR  reduce 68
	EQ  reduce 68
	GE  reduce 68
	GT  reduce 68
	LE  reduce 68
	LT  reduce 68
	NE  reduce 68


state 145
	SimpleExpr : SimpleExpr . PLUS SimpleExpr  (56)
	SimpleExpr : SimpleExpr . MINUS SimpleExpr  (57)
	SimpleExpr : SimpleExpr . STAR SimpleExpr  (58)
	SimpleExpr : SimpleExpr . DIV SimpleExpr  (59)
	SimpleExpr : SimpleExpr . MOD SimpleExpr  (60)
	SimpleExpr : SimpleExpr . AND SimpleExpr  (61)
	SimpleExpr : SimpleExpr . OR SimpleExpr  (62)
	SimpleExpr : SimpleExpr . XOR SimpleExpr  (63)
	SimpleExpr : SimpleExpr . LSHIFT SimpleExpr  (64)
	SimpleExpr : SimpleExpr . RSHIFT SimpleExpr  (65)
	SimpleExpr : SimpleExpr . EQ SimpleExpr  (66)
	SimpleExpr : SimpleExpr . NE SimpleExpr  (67)
	SimpleExpr : SimpleExpr . GT SimpleExpr  (68)
	SimpleExpr : SimpleExpr . GE SimpleExpr  (69)
	SimpleExpr : SimpleExpr . LT SimpleExpr  (70)
	SimpleExpr : SimpleExpr . LE SimpleExpr  (71)
	SimpleExpr : SimpleExpr LE SimpleExpr .  (71)

	PLUS  shift 102
	MINUS  shift 103
	STAR  shift 104
	DIV  shift 105
	MOD  shift 106
	LSHIFT  shift 110
	RSHIFT  shift 111
	RPAR  reduce 71
	RSQ  reduce 71
	SEMICOLON  reduce 71
	COMMA  reduce 71
	AND  reduce 71
	OR  reduce 71
	XOR  reduce 71
	EQ  reduce 71
	GE  reduce 71
	GT  reduce 71
	LE  reduce 71
	LT  reduce 71
	NE  reduce 71


state 146
	SimpleExpr : SimpleExpr . PLUS SimpleExpr  (56)
	SimpleExpr : SimpleExpr . MINUS SimpleExpr  (57)
	SimpleExpr : SimpleExpr . STAR SimpleExpr  (58)
	SimpleExpr : SimpleExpr . DIV SimpleExpr  (59)
	SimpleExpr : SimpleExpr . MOD SimpleExpr  (60)
	SimpleExpr : SimpleExpr . AND SimpleExpr  (61)
	SimpleExpr : SimpleExpr . OR SimpleExpr  (62)
	SimpleExpr : SimpleExpr . XOR SimpleExpr  (63)
	SimpleExpr : SimpleExpr . LSHIFT SimpleExpr  (64)
	SimpleExpr : SimpleExpr . RSHIFT SimpleExpr  (65)
	SimpleExpr : SimpleExpr . EQ SimpleExpr  (66)
	SimpleExpr : SimpleExpr . NE SimpleExpr  (67)
	SimpleExpr : SimpleExpr . GT SimpleExpr  (68)
	SimpleExpr : SimpleExpr . GE SimpleExpr  (69)
	SimpleExpr : SimpleExpr . LT SimpleExpr  (70)
	SimpleExpr : SimpleExpr LT SimpleExpr .  (70)
	SimpleExpr : SimpleExpr . LE SimpleExpr  (71)

	PLUS  shift 102
	MINUS  shift 103
	STAR  shift 104
	DIV  shift 105
	MOD  shift 106
	LSHIFT  shift 110
	RSHIFT  shift 111
	RPAR  reduce 70
	RSQ  reduce 70
	SEMICOLON  reduce 70
	COMMA  reduce 70
	AND  reduce 70
	OR  reduce 70
	XOR  reduce 70
	EQ  reduce 70
	GE  reduce 70
	GT  reduce 70
	LE  reduce 70
	LT  reduce 70
	NE  reduce 70


state 147
	SimpleExpr : SimpleExpr . PLUS SimpleExpr  (56)
	SimpleExpr : SimpleExpr . MINUS SimpleExpr  (57)
	SimpleExpr : SimpleExpr . STAR SimpleExpr  (58)
	SimpleExpr : SimpleExpr . DIV SimpleExpr  (59)
	SimpleExpr : SimpleExpr . MOD SimpleExpr  (60)
	SimpleExpr : SimpleExpr . AND SimpleExpr  (61)
	SimpleExpr : SimpleExpr . OR SimpleExpr  (62)
	SimpleExpr : SimpleExpr . XOR SimpleExpr  (63)
	SimpleExpr : SimpleExpr . LSHIFT SimpleExpr  (64)
	SimpleExpr : SimpleExpr . RSHIFT SimpleExpr  (65)
	SimpleExpr : SimpleExpr . EQ SimpleExpr  (66)
	SimpleExpr : SimpleExpr . NE SimpleExpr  (67)
	SimpleExpr : SimpleExpr NE SimpleExpr .  (67)
	SimpleExpr : SimpleExpr . GT SimpleExpr  (68)
	SimpleExpr : SimpleExpr . GE SimpleExpr  (69)
	SimpleExpr : SimpleExpr . LT SimpleExpr  (70)
	SimpleExpr : SimpleExpr . LE SimpleExpr  (71)

	PLUS  shift 102
	MINUS  shift 103
	STAR  shift 104
	DIV  shift 105
	MOD  shift 106
	LSHIFT  shift 110
	RSHIFT  shift 111
	GE  shift 113
	GT  shift 114
	LE  shift 115
	LT  shift 116
	RPAR  reduce 67
	RSQ  reduce 67
	SEMICOLON  reduce 67
	COMMA  reduce 67
	AND  reduce 67
	OR  reduce 67
	XOR  reduce 67
	EQ  reduce 67
	NE  reduce 67


state 148
	Statement : PRINT LPAR STRLIT RPAR . SEMICOLON  (43)

	SEMICOLON  shift 158
	.  error


state 149
	Statement : PRINT LPAR Expr RPAR . SEMICOLON  (42)

	SEMICOLON  shift 159
	.  error


state 150
	ParseArgs : PARSEINT LPAR error RPAR .  (53)

	.  reduce 53


state 151
	ParseArgs : PARSEINT LPAR IDENTIFIER LSQ . Expr RSQ RPAR  (52)

	LPAR  shift 66
	PARSEINT  shift 46
	PLUS  shift 68
	MINUS  shift 69
	NOT  shift 70
	IDENTIFIER  shift 71
	NATURAL  shift 72
	DECIMAL  shift 73
	BOOLLIT  shift 74
	.  error

	MethodInvocation  goto 75
	Assignment  goto 76
	ParseArgs  goto 77
	Expr  goto 160
	SimpleExpr  goto 79


state 152
	MethodInvocation : IDENTIFIER LPAR error RPAR .  (46)

	.  reduce 46


state 153
	MethodInvocation : IDENTIFIER LPAR Args RPAR .  (45)

	.  reduce 45


state 154
	Args : Expr ExprList .  (47)
	ExprList : ExprList . COMMA Expr  (49)

	COMMA  shift 161
	RPAR  reduce 47


state 155
	VarDecl : Type IDENTIFIER FieldList SEMICOLON .  (29)

	.  reduce 29


state 156
	Statement : IF LPAR Expr RPAR Statement .  (33)
	Statement : IF LPAR Expr RPAR Statement . ELSE Statement  (34)

	ELSE  shift 162
	error  reduce 33
	LBRACE  reduce 33
	RBRACE  reduce 33
	SEMICOLON  reduce 33
	BOOL  reduce 33
	INT  reduce 33
	DOUBLE  reduce 33
	IF  reduce 33
	WHILE  reduce 33
	RETURN  reduce 33
	PRINT  reduce 33
	PARSEINT  reduce 33
	IDENTIFIER  reduce 33


state 157
	Statement : WHILE LPAR Expr RPAR Statement .  (35)

	.  reduce 35


state 158
	Statement : PRINT LPAR STRLIT RPAR SEMICOLON .  (43)

	.  reduce 43


state 159
	Statement : PRINT LPAR Expr RPAR SEMICOLON .  (42)

	.  reduce 42


state 160
	ParseArgs : PARSEINT LPAR IDENTIFIER LSQ Expr . RSQ RPAR  (52)

	RSQ  shift 163
	.  error


state 161
	ExprList : ExprList COMMA . Expr  (49)

	LPAR  shift 66
	PARSEINT  shift 46
	PLUS  shift 68
	MINUS  shift 69
	NOT  shift 70
	IDENTIFIER  shift 71
	NATURAL  shift 72
	DECIMAL  shift 73
	BOOLLIT  shift 74
	.  error

	MethodInvocation  goto 75
	Assignment  goto 76
	ParseArgs  goto 77
	Expr  goto 164
	SimpleExpr  goto 79


state 162
	Statement : IF LPAR Expr RPAR Statement ELSE . Statement  (34)

	error  shift 38
	LBRACE  shift 39
	SEMICOLON  shift 41
	IF  shift 42
	WHILE  shift 43
	RETURN  shift 44
	PRINT  shift 45
	PARSEINT  shift 46
	IDENTIFIER  shift 47
	.  error

	Statement  goto 165
	MethodInvocation  goto 52
	Assignment  goto 53
	ParseArgs  goto 54


state 163
	ParseArgs : PARSEINT LPAR IDENTIFIER LSQ Expr RSQ . RPAR  (52)

	RPAR  shift 166
	.  error


state 164
	ExprList : ExprList COMMA Expr .  (49)

	.  reduce 49


state 165
	Statement : IF LPAR Expr RPAR Statement ELSE Statement .  (34)

	.  reduce 34


state 166
	ParseArgs : PARSEINT LPAR IDENTIFIER LSQ Expr RSQ RPAR .  (52)

	.  reduce 52


52 terminals, 26 nonterminals
84 grammar rules, 167 states

grammar parser grammar
symbol# value# symbol
     0      0  $end
     1    256  error
     2    257  CLASS
     3    258  PUBLIC
     4    259  STATIC
     5    260  LBRACE
     6    261  RBRACE
     7    262  LPAR
     8    263  RPAR
     9    264  LSQ
    10    265  RSQ
    11    266  SEMICOLON
    12    267  COMMA
    13    268  BOOL
    14    269  INT
    15    270  DOUBLE
    16    271  VOID
    17    272  STRING
    18    273  IF
    19    274  WHILE
    20    275  RETURN
    21    276  PRINT
    22    277  PARSEINT
    23    278  ASSIGN
    24    279  PLUS
    25    280  MINUS
    26    281  STAR
    27    282  DIV
    28    283  MOD
    29    284  AND
    30    285  OR
    31    286  XOR
    32    287  LSHIFT
    33    288  RSHIFT
    34    289  EQ
    35    290  GE
    36    291  GT
    37    292  LE
    38    293  LT
    39    294  NE
    40    295  NOT
    41    296  DOTLENGTH
    42    297  ARROW
    43    298  IDENTIFIER
    44    299  NATURAL
    45    300  DECIMAL
    46    301  BOOLLIT
    47    302  STRLIT
    48    303  RESERVED
    49    304  UNARY
    50    305  IF_PREC
    51    306  ELSE
    52    307  $accept
    53    308  Program
    54    309  ProgramBody
    55    310  Element
    56    311  MethodDecl
    57    312  FieldDecl
    58    313  FieldList
    59    314  Type
    60    315  TypeArray
    61    316  TypeVoid
    62    317  MethodHeader
    63    318  MethodParams
    64    319  FormalParamsList
    65    320  MethodBody
    66    321  MethodBodyContent
    67    322  BodyElement
    68    323  VarDecl
    69    324  Statement
    70    325  MethodInvocation
    71    326  Args
    72    327  ExprList
    73    328  StmtList
    74    329  Assignment
    75    330  ParseArgs
    76    331  Expr
    77    332  SimpleExpr
