   0  $accept : calculator $end

   1  calculator : expression

   2  expression : NATURAL
   3             | expression '+' expression
   4             | expression '-' expression
   5             | expression '*' expression
   6             | expression '/' expression

state 0
	$accept : . calculator $end  (0)

	NATURAL  shift 1
	.  error

	calculator  goto 2
	expression  goto 3


state 1
	expression : NATURAL .  (2)

	.  reduce 2


state 2
	$accept : calculator . $end  (0)

	$end  accept


state 3
	calculator : expression .  (1)
	expression : expression . '+' expression  (3)
	expression : expression . '-' expression  (4)
	expression : expression . '*' expression  (5)
	expression : expression . '/' expression  (6)

	'+'  shift 4
	'-'  shift 5
	'*'  shift 6
	'/'  shift 7
	$end  reduce 1


state 4
	expression : expression '+' . expression  (3)

	NATURAL  shift 1
	.  error

	expression  goto 8


state 5
	expression : expression '-' . expression  (4)

	NATURAL  shift 1
	.  error

	expression  goto 9


state 6
	expression : expression '*' . expression  (5)

	NATURAL  shift 1
	.  error

	expression  goto 10


state 7
	expression : expression '/' . expression  (6)

	NATURAL  shift 1
	.  error

	expression  goto 11


8: shift/reduce conflict (shift 4, reduce 3) on '+'
8: shift/reduce conflict (shift 5, reduce 3) on '-'
8: shift/reduce conflict (shift 6, reduce 3) on '*'
8: shift/reduce conflict (shift 7, reduce 3) on '/'
state 8
	expression : expression . '+' expression  (3)
	expression : expression '+' expression .  (3)
	expression : expression . '-' expression  (4)
	expression : expression . '*' expression  (5)
	expression : expression . '/' expression  (6)

	'+'  shift 4
	'-'  shift 5
	'*'  shift 6
	'/'  shift 7
	$end  reduce 3


9: shift/reduce conflict (shift 4, reduce 4) on '+'
9: shift/reduce conflict (shift 5, reduce 4) on '-'
9: shift/reduce conflict (shift 6, reduce 4) on '*'
9: shift/reduce conflict (shift 7, reduce 4) on '/'
state 9
	expression : expression . '+' expression  (3)
	expression : expression . '-' expression  (4)
	expression : expression '-' expression .  (4)
	expression : expression . '*' expression  (5)
	expression : expression . '/' expression  (6)

	'+'  shift 4
	'-'  shift 5
	'*'  shift 6
	'/'  shift 7
	$end  reduce 4


10: shift/reduce conflict (shift 4, reduce 5) on '+'
10: shift/reduce conflict (shift 5, reduce 5) on '-'
10: shift/reduce conflict (shift 6, reduce 5) on '*'
10: shift/reduce conflict (shift 7, reduce 5) on '/'
state 10
	expression : expression . '+' expression  (3)
	expression : expression . '-' expression  (4)
	expression : expression . '*' expression  (5)
	expression : expression '*' expression .  (5)
	expression : expression . '/' expression  (6)

	'+'  shift 4
	'-'  shift 5
	'*'  shift 6
	'/'  shift 7
	$end  reduce 5


11: shift/reduce conflict (shift 4, reduce 6) on '+'
11: shift/reduce conflict (shift 5, reduce 6) on '-'
11: shift/reduce conflict (shift 6, reduce 6) on '*'
11: shift/reduce conflict (shift 7, reduce 6) on '/'
state 11
	expression : expression . '+' expression  (3)
	expression : expression . '-' expression  (4)
	expression : expression . '*' expression  (5)
	expression : expression . '/' expression  (6)
	expression : expression '/' expression .  (6)

	'+'  shift 4
	'-'  shift 5
	'*'  shift 6
	'/'  shift 7
	$end  reduce 6


State 8 contains 4 shift/reduce conflicts.
State 9 contains 4 shift/reduce conflicts.
State 10 contains 4 shift/reduce conflicts.
State 11 contains 4 shift/reduce conflicts.


7 terminals, 3 nonterminals
7 grammar rules, 12 states

grammar parser grammar
symbol# value# symbol
     0      0  $end
     1    256  error
     2    257  NATURAL
     3     43  '+'
     4     45  '-'
     5     42  '*'
     6     47  '/'
     7    258  $accept
     8    259  calculator
     9    260  expression
